Component: ARM Compiler 5.06 update 6 (build 750) Tool: armlink [4d35ed]

==============================================================================

Section Cross References

    main.o(i.PIT0_IRQHandler) refers to qe_driver.o(i.QD_Process) for QD_Process
    main.o(i.PIT0_IRQHandler) refers to motor_driver.o(i.Power_Verification) for Power_Verification
    main.o(i.PIT0_IRQHandler) refers to motor_driver.o(i.Motor_Set) for Motor_Set
    main.o(i.PIT0_IRQHandler) refers to main.o(.bss) for QD_L
    main.o(i.PIT0_IRQHandler) refers to main.o(.data) for Left_SP
    main.o(i.SysTick_Handler) refers to leds.o(i.LED_Toggle) for LED_Toggle
    main.o(i.UART0_RX_TX_IRQHandler) refers to main.o(.bss) for rx_string
    main.o(i.UART0_RX_TX_IRQHandler) refers to main.o(.data) for n
    main.o(i.main) refers to leds.o(i.LEDs_Init) for LEDs_Init
    main.o(i.main) refers to qe_driver.o(i.QD_Init) for QD_Init
    main.o(i.main) refers to motor_driver.o(i.Motor_Init) for Motor_Init
    main.o(i.main) refers to uart.o(i.UART_Init) for UART_Init
    main.o(i.main) refers to pit.o(i.PIT_Init) for PIT_Init
    main.o(i.main) refers to qe_driver.o(i.QD_Process) for QD_Process
    main.o(i.main) refers to arm_pid_init_f32.o(.text) for arm_pid_init_f32
    main.o(i.main) refers to strtok.o(.text) for strtok
    main.o(i.main) refers to strcmpv7m.o(.text) for strcmp
    main.o(i.main) refers to strtol.o(.text) for strtol
    main.o(i.main) refers to leds.o(i.LED_On) for LED_On
    main.o(i.main) refers to leds.o(i.LED_Off) for LED_Off
    main.o(i.main) refers to main.o(.bss) for Left_PID
    main.o(i.main) refers to system_mk66f18.o(.data) for SystemCoreClock
    main.o(i.main) refers to main.o(.data) for data_ready
    main.o(.data) refers to main.o(.conststring) for .conststring
    qe_driver.o(i.QD_Init) refers to qe_driver.o(.data) for QD_addr
    qe_driver.o(i.QD_Process) refers to ffltll_clz.o(x$fpl$ffltll) for __aeabi_l2f
    qe_driver.o(i.QD_Process) refers to qe_driver.o(.data) for QD_addr
    leds.o(i.LED_Off) refers to leds.o(.data) for leds_addr
    leds.o(i.LED_Off) refers to leds.o(.constdata) for leds_mask
    leds.o(i.LED_On) refers to leds.o(.data) for leds_addr
    leds.o(i.LED_On) refers to leds.o(.constdata) for leds_mask
    leds.o(i.LED_Toggle) refers to leds.o(.data) for leds_addr
    leds.o(i.LED_Toggle) refers to leds.o(.constdata) for leds_mask
    pit.o(i.PIT_Init) refers to system_mk66f18.o(.data) for SystemCoreClock
    motor_driver.o(i.Motor_Init) refers to motor_driver.o(.data) for MOTOR_addr
    motor_driver.o(i.Motor_Init) refers to motor_driver.o(.constdata) for channel
    motor_driver.o(i.Motor_Init) refers to system_mk66f18.o(.data) for SystemCoreClock
    motor_driver.o(i.Motor_Set) refers to motor_driver.o(.data) for dir_addr
    motor_driver.o(i.Motor_Set) refers to motor_driver.o(.constdata) for dir_mask
    motor_driver.o(i.Motor_Set) refers to system_mk66f18.o(.data) for SystemCoreClock
    uart.o(i.UART_PutString) refers to uart.o(i.UART_Send) for UART_Send
    startup_mk66f18.o(STACK) refers (Special) to heapauxi.o(.text) for __use_two_region_memory
    startup_mk66f18.o(HEAP) refers (Special) to heapauxi.o(.text) for __use_two_region_memory
    startup_mk66f18.o(RESET) refers (Special) to heapauxi.o(.text) for __use_two_region_memory
    startup_mk66f18.o(RESET) refers to startup_mk66f18.o(STACK) for __initial_sp
    startup_mk66f18.o(RESET) refers to startup_mk66f18.o(.text) for Reset_Handler
    startup_mk66f18.o(RESET) refers to main.o(i.SysTick_Handler) for SysTick_Handler
    startup_mk66f18.o(RESET) refers to main.o(i.UART0_RX_TX_IRQHandler) for UART0_RX_TX_IRQHandler
    startup_mk66f18.o(RESET) refers to main.o(i.PIT0_IRQHandler) for PIT0_IRQHandler
    startup_mk66f18.o(.ARM.__at_0x400) refers (Special) to heapauxi.o(.text) for __use_two_region_memory
    startup_mk66f18.o(.text) refers (Special) to heapauxi.o(.text) for __use_two_region_memory
    startup_mk66f18.o(.text) refers to system_mk66f18.o(i.SystemInit) for SystemInit
    startup_mk66f18.o(.text) refers to __main.o(!!!main) for __main
    startup_mk66f18.o(.text) refers to startup_mk66f18.o(HEAP) for Heap_Mem
    startup_mk66f18.o(.text) refers to startup_mk66f18.o(STACK) for Stack_Mem
    system_mk66f18.o(i.SystemCoreClockUpdate) refers to system_mk66f18.o(.data) for SystemCoreClock
    strtol.o(.text) refers to rt_ctype_table.o(.text) for __rt_ctype_table
    strtol.o(.text) refers to _strtoul.o(.text) for _strtoul
    strtol.o(.text) refers to rt_errno_addr_intlibspace.o(.text) for __aeabi_errno_addr
    strtok.o(.text) refers to strtok_int.o(.text) for __strtok_internal
    strtok.o(.text) refers to strtok.o(.data) for .data
    __main.o(!!!main) refers to __rtentry.o(.ARM.Collect$$rtentry$$00000000) for __rt_entry
    ffltll_clz.o(x$fpl$ffltll) refers (Special) to usenofp.o(x$fpl$usenofp) for __I$use$fp
    ffltll_clz.o(x$fpl$ffltll) refers to except.o(x$fpl$exception) for __fpl_exception
    __rtentry.o(.ARM.Collect$$rtentry$$00000000) refers (Special) to __rtentry2.o(.ARM.Collect$$rtentry$$0000000A) for __rt_entry_li
    __rtentry.o(.ARM.Collect$$rtentry$$00000000) refers (Special) to __rtentry2.o(.ARM.Collect$$rtentry$$0000000D) for __rt_entry_main
    __rtentry.o(.ARM.Collect$$rtentry$$00000000) refers (Special) to __rtentry2.o(.ARM.Collect$$rtentry$$0000000C) for __rt_entry_postli_1
    __rtentry.o(.ARM.Collect$$rtentry$$00000000) refers (Special) to __rtentry2.o(.ARM.Collect$$rtentry$$00000009) for __rt_entry_postsh_1
    __rtentry.o(.ARM.Collect$$rtentry$$00000000) refers (Special) to __rtentry2.o(.ARM.Collect$$rtentry$$00000002) for __rt_entry_presh_1
    __rtentry.o(.ARM.Collect$$rtentry$$00000000) refers (Special) to __rtentry4.o(.ARM.Collect$$rtentry$$00000004) for __rt_entry_sh
    rt_ctype_table.o(.text) refers to rt_locale_intlibspace.o(.text) for __rt_locale
    rt_ctype_table.o(.text) refers to lc_ctype_c.o(locale$$code) for _get_lc_ctype
    rt_errno_addr.o(.text) refers to rt_errno_addr.o(.bss) for __aeabi_errno_addr_data
    rt_errno_addr_intlibspace.o(.text) refers to libspace.o(.bss) for __libspace_start
    _strtoul.o(.text) refers to _chval.o(.text) for _chval
    _strtoul.o(.text) refers to rt_errno_addr_intlibspace.o(.text) for __aeabi_errno_addr
    strtok_int.o(.text) refers to strspn.o(.text) for strspn
    strtok_int.o(.text) refers to strcspn.o(.text) for strcspn
    except.o(x$fpl$exception) refers (Special) to usenofp.o(x$fpl$usenofp) for __I$use$fp
    except.o(x$fpl$exception) refers to trapv.o(x$fpl$trapveneer) for _fp_trapveneer
    except.o(x$fpl$exception) refers to retnan.o(x$fpl$retnan) for __fpl_return_NaN
    libspace.o(.text) refers to libspace.o(.bss) for __libspace_start
    __rtentry2.o(.ARM.Collect$$rtentry$$00000008) refers to boardinit2.o(.text) for _platform_post_stackheap_init
    __rtentry2.o(.ARM.Collect$$rtentry$$0000000A) refers to libinit.o(.ARM.Collect$$libinit$$00000000) for __rt_lib_init
    __rtentry2.o(.ARM.Collect$$rtentry$$0000000B) refers to boardinit3.o(.text) for _platform_post_lib_init
    __rtentry2.o(.ARM.Collect$$rtentry$$0000000D) refers to main.o(i.main) for main
    __rtentry2.o(.ARM.Collect$$rtentry$$0000000D) refers to exit.o(.text) for exit
    __rtentry2.o(.ARM.exidx) refers to __rtentry2.o(.ARM.Collect$$rtentry$$00000001) for .ARM.Collect$$rtentry$$00000001
    __rtentry2.o(.ARM.exidx) refers to __rtentry2.o(.ARM.Collect$$rtentry$$00000008) for .ARM.Collect$$rtentry$$00000008
    __rtentry2.o(.ARM.exidx) refers to __rtentry2.o(.ARM.Collect$$rtentry$$0000000A) for .ARM.Collect$$rtentry$$0000000A
    __rtentry2.o(.ARM.exidx) refers to __rtentry2.o(.ARM.Collect$$rtentry$$0000000B) for .ARM.Collect$$rtentry$$0000000B
    __rtentry2.o(.ARM.exidx) refers to __rtentry2.o(.ARM.Collect$$rtentry$$0000000D) for .ARM.Collect$$rtentry$$0000000D
    __rtentry4.o(.ARM.Collect$$rtentry$$00000004) refers to sys_stackheap_outer.o(.text) for __user_setup_stackheap
    __rtentry4.o(.ARM.exidx) refers to __rtentry4.o(.ARM.Collect$$rtentry$$00000004) for .ARM.Collect$$rtentry$$00000004
    rt_locale.o(.text) refers to rt_locale.o(.bss) for __rt_locale_data
    rt_locale_intlibspace.o(.text) refers to libspace.o(.bss) for __libspace_start
    lc_ctype_c.o(locale$$data) refers (Special) to libinit2.o(.ARM.Collect$$libinit$$00000012) for __rt_lib_init_lc_ctype_2
    lc_ctype_c.o(locale$$code) refers (Special) to libinit2.o(.ARM.Collect$$libinit$$00000012) for __rt_lib_init_lc_ctype_2
    lc_ctype_c.o(locale$$code) refers to strcmpv7m.o(.text) for strcmp
    lc_ctype_c.o(locale$$code) refers to lc_ctype_c.o(locale$$data) for __lcctype_c_name
    retnan.o(x$fpl$retnan) refers (Special) to usenofp.o(x$fpl$usenofp) for __I$use$fp
    retnan.o(x$fpl$retnan) refers to trapv.o(x$fpl$trapveneer) for __fpl_cmpreturn
    trapv.o(x$fpl$trapveneer) refers (Special) to usenofp.o(x$fpl$usenofp) for __I$use$fp
    trapv.o(x$fpl$trapveneer) refers to _fptrap.o(.text) for _fp_trap
    sys_stackheap_outer.o(.text) refers to libspace.o(.text) for __user_perproc_libspace
    sys_stackheap_outer.o(.text) refers to startup_mk66f18.o(.text) for __user_initial_stackheap
    _fptrap.o(.text) refers to defsig_fpe_outer.o(.text) for __rt_SIGFPE
    exit.o(.text) refers to rtexit.o(.ARM.Collect$$rtexit$$00000000) for __rt_exit
    libinit.o(.ARM.Collect$$libinit$$00000000) refers (Special) to libinit2.o(.ARM.Collect$$libinit$$0000002E) for __rt_lib_init_alloca_1
    libinit.o(.ARM.Collect$$libinit$$00000000) refers (Special) to libinit2.o(.ARM.Collect$$libinit$$0000002C) for __rt_lib_init_argv_1
    libinit.o(.ARM.Collect$$libinit$$00000000) refers (Special) to libinit2.o(.ARM.Collect$$libinit$$0000001B) for __rt_lib_init_atexit_1
    libinit.o(.ARM.Collect$$libinit$$00000000) refers (Special) to libinit2.o(.ARM.Collect$$libinit$$00000021) for __rt_lib_init_clock_1
    libinit.o(.ARM.Collect$$libinit$$00000000) refers (Special) to libinit2.o(.ARM.Collect$$libinit$$00000032) for __rt_lib_init_cpp_1
    libinit.o(.ARM.Collect$$libinit$$00000000) refers (Special) to libinit2.o(.ARM.Collect$$libinit$$00000030) for __rt_lib_init_exceptions_1
    libinit.o(.ARM.Collect$$libinit$$00000000) refers (Special) to libinit2.o(.ARM.Collect$$libinit$$00000001) for __rt_lib_init_fp_1
    libinit.o(.ARM.Collect$$libinit$$00000000) refers (Special) to libinit2.o(.ARM.Collect$$libinit$$0000001F) for __rt_lib_init_fp_trap_1
    libinit.o(.ARM.Collect$$libinit$$00000000) refers (Special) to libinit2.o(.ARM.Collect$$libinit$$00000023) for __rt_lib_init_getenv_1
    libinit.o(.ARM.Collect$$libinit$$00000000) refers (Special) to libinit2.o(.ARM.Collect$$libinit$$0000000A) for __rt_lib_init_heap_1
    libinit.o(.ARM.Collect$$libinit$$00000000) refers (Special) to libinit2.o(.ARM.Collect$$libinit$$00000011) for __rt_lib_init_lc_collate_1
    libinit.o(.ARM.Collect$$libinit$$00000000) refers (Special) to libinit2.o(.ARM.Collect$$libinit$$00000013) for __rt_lib_init_lc_ctype_1
    libinit.o(.ARM.Collect$$libinit$$00000000) refers (Special) to libinit2.o(.ARM.Collect$$libinit$$00000015) for __rt_lib_init_lc_monetary_1
    libinit.o(.ARM.Collect$$libinit$$00000000) refers (Special) to libinit2.o(.ARM.Collect$$libinit$$00000017) for __rt_lib_init_lc_numeric_1
    libinit.o(.ARM.Collect$$libinit$$00000000) refers (Special) to libinit2.o(.ARM.Collect$$libinit$$00000019) for __rt_lib_init_lc_time_1
    libinit.o(.ARM.Collect$$libinit$$00000000) refers (Special) to libinit2.o(.ARM.Collect$$libinit$$00000004) for __rt_lib_init_preinit_1
    libinit.o(.ARM.Collect$$libinit$$00000000) refers (Special) to libinit2.o(.ARM.Collect$$libinit$$0000000E) for __rt_lib_init_rand_1
    libinit.o(.ARM.Collect$$libinit$$00000000) refers (Special) to libinit2.o(.ARM.Collect$$libinit$$00000033) for __rt_lib_init_return
    libinit.o(.ARM.Collect$$libinit$$00000000) refers (Special) to libinit2.o(.ARM.Collect$$libinit$$0000001D) for __rt_lib_init_signal_1
    libinit.o(.ARM.Collect$$libinit$$00000000) refers (Special) to libinit2.o(.ARM.Collect$$libinit$$00000025) for __rt_lib_init_stdio_1
    libinit.o(.ARM.Collect$$libinit$$00000000) refers (Special) to libinit2.o(.ARM.Collect$$libinit$$0000000C) for __rt_lib_init_user_alloc_1
    libinit2.o(.ARM.Collect$$libinit$$00000001) refers to fpinit.o(x$fpl$fpinit) for _fp_init
    libinit2.o(.ARM.Collect$$libinit$$0000000F) refers (Weak) to rt_locale_intlibspace.o(.text) for __rt_locale
    libinit2.o(.ARM.Collect$$libinit$$00000010) refers to libinit2.o(.ARM.Collect$$libinit$$0000000F) for .ARM.Collect$$libinit$$0000000F
    libinit2.o(.ARM.Collect$$libinit$$00000012) refers to libinit2.o(.ARM.Collect$$libinit$$0000000F) for .ARM.Collect$$libinit$$0000000F
    libinit2.o(.ARM.Collect$$libinit$$00000012) refers (Weak) to lc_ctype_c.o(locale$$code) for _get_lc_ctype
    libinit2.o(.ARM.Collect$$libinit$$00000014) refers to libinit2.o(.ARM.Collect$$libinit$$0000000F) for .ARM.Collect$$libinit$$0000000F
    libinit2.o(.ARM.Collect$$libinit$$00000016) refers to libinit2.o(.ARM.Collect$$libinit$$0000000F) for .ARM.Collect$$libinit$$0000000F
    libinit2.o(.ARM.Collect$$libinit$$00000018) refers to libinit2.o(.ARM.Collect$$libinit$$0000000F) for .ARM.Collect$$libinit$$0000000F
    libinit2.o(.ARM.Collect$$libinit$$00000026) refers to argv_veneer.o(.emb_text) for __ARM_argv_veneer
    libinit2.o(.ARM.Collect$$libinit$$00000027) refers to argv_veneer.o(.emb_text) for __ARM_argv_veneer
    rtexit.o(.ARM.Collect$$rtexit$$00000000) refers (Special) to rtexit2.o(.ARM.Collect$$rtexit$$00000004) for __rt_exit_exit
    rtexit.o(.ARM.Collect$$rtexit$$00000000) refers (Special) to rtexit2.o(.ARM.Collect$$rtexit$$00000003) for __rt_exit_ls
    rtexit.o(.ARM.Collect$$rtexit$$00000000) refers (Special) to rtexit2.o(.ARM.Collect$$rtexit$$00000002) for __rt_exit_prels_1
    rtexit.o(.ARM.exidx) refers (Special) to rtexit2.o(.ARM.Collect$$rtexit$$00000004) for __rt_exit_exit
    rtexit.o(.ARM.exidx) refers (Special) to rtexit2.o(.ARM.Collect$$rtexit$$00000003) for __rt_exit_ls
    rtexit.o(.ARM.exidx) refers (Special) to rtexit2.o(.ARM.Collect$$rtexit$$00000002) for __rt_exit_prels_1
    rtexit.o(.ARM.exidx) refers to rtexit.o(.ARM.Collect$$rtexit$$00000000) for .ARM.Collect$$rtexit$$00000000
    defsig_fpe_outer.o(.text) refers to defsig_fpe_inner.o(.text) for __rt_SIGFPE_inner
    defsig_fpe_outer.o(.text) refers to defsig_exit.o(.text) for __sig_exit
    defsig_fpe_formal.o(.text) refers to rt_raise.o(.text) for __rt_raise
    argv_veneer.o(.emb_text) refers to no_argv.o(.text) for __ARM_get_argv
    rtexit2.o(.ARM.Collect$$rtexit$$00000003) refers to libshutdown.o(.ARM.Collect$$libshutdown$$00000000) for __rt_lib_shutdown
    rtexit2.o(.ARM.Collect$$rtexit$$00000004) refers to sys_exit.o(.text) for _sys_exit
    rtexit2.o(.ARM.exidx) refers to rtexit2.o(.ARM.Collect$$rtexit$$00000001) for .ARM.Collect$$rtexit$$00000001
    rtexit2.o(.ARM.exidx) refers to rtexit2.o(.ARM.Collect$$rtexit$$00000003) for .ARM.Collect$$rtexit$$00000003
    rtexit2.o(.ARM.exidx) refers to rtexit2.o(.ARM.Collect$$rtexit$$00000004) for .ARM.Collect$$rtexit$$00000004
    rt_raise.o(.text) refers to __raise.o(.text) for __raise
    rt_raise.o(.text) refers to sys_exit.o(.text) for _sys_exit
    defsig_exit.o(.text) refers to sys_exit.o(.text) for _sys_exit
    defsig_fpe_inner.o(.text) refers to defsig_general.o(.text) for __default_signal_display
    _get_argv_nomalloc.o(.text) refers (Special) to hrguard.o(.text) for __heap_region$guard
    _get_argv_nomalloc.o(.text) refers to defsig_rtmem_outer.o(.text) for __rt_SIGRTMEM
    _get_argv_nomalloc.o(.text) refers to sys_command.o(.text) for _sys_command_string
    sys_command.o(.text) refers (Special) to use_no_semi.o(.text) for __I$use$semihosting
    sys_command.o(.text) refers (Special) to indicate_semi.o(.text) for __semihosting_library_function
    sys_exit.o(.text) refers (Special) to use_no_semi.o(.text) for __I$use$semihosting
    sys_exit.o(.text) refers (Special) to indicate_semi.o(.text) for __semihosting_library_function
    __raise.o(.text) refers to defsig.o(CL$$defsig) for __default_signal_handler
    defsig_general.o(.text) refers to sys_wrch.o(.text) for _ttywrch
    defsig_rtmem_outer.o(.text) refers to defsig_rtmem_inner.o(.text) for __rt_SIGRTMEM_inner
    defsig_rtmem_outer.o(.text) refers to defsig_exit.o(.text) for __sig_exit
    defsig_rtmem_formal.o(.text) refers to rt_raise.o(.text) for __rt_raise
    libshutdown.o(.ARM.Collect$$libshutdown$$00000000) refers (Special) to libshutdown2.o(.ARM.Collect$$libshutdown$$00000002) for __rt_lib_shutdown_cpp_1
    libshutdown.o(.ARM.Collect$$libshutdown$$00000000) refers (Special) to libshutdown2.o(.ARM.Collect$$libshutdown$$00000007) for __rt_lib_shutdown_fp_trap_1
    libshutdown.o(.ARM.Collect$$libshutdown$$00000000) refers (Special) to libshutdown2.o(.ARM.Collect$$libshutdown$$0000000F) for __rt_lib_shutdown_heap_1
    libshutdown.o(.ARM.Collect$$libshutdown$$00000000) refers (Special) to libshutdown2.o(.ARM.Collect$$libshutdown$$00000010) for __rt_lib_shutdown_return
    libshutdown.o(.ARM.Collect$$libshutdown$$00000000) refers (Special) to libshutdown2.o(.ARM.Collect$$libshutdown$$0000000A) for __rt_lib_shutdown_signal_1
    libshutdown.o(.ARM.Collect$$libshutdown$$00000000) refers (Special) to libshutdown2.o(.ARM.Collect$$libshutdown$$00000004) for __rt_lib_shutdown_stdio_1
    libshutdown.o(.ARM.Collect$$libshutdown$$00000000) refers (Special) to libshutdown2.o(.ARM.Collect$$libshutdown$$0000000C) for __rt_lib_shutdown_user_alloc_1
    sys_wrch.o(.text) refers (Special) to use_no_semi.o(.text) for __I$use$semihosting
    sys_wrch.o(.text) refers (Special) to indicate_semi.o(.text) for __semihosting_library_function
    defsig_rtmem_inner.o(.text) refers to defsig_general.o(.text) for __default_signal_display
    defsig.o(CL$$defsig) refers to defsig_fpe_inner.o(.text) for __rt_SIGFPE_inner
    defsig.o(CL$$defsig) refers to defsig_rtmem_inner.o(.text) for __rt_SIGRTMEM_inner
    defsig_abrt_inner.o(.text) refers to defsig_general.o(.text) for __default_signal_display
    defsig_rtred_inner.o(.text) refers to defsig_general.o(.text) for __default_signal_display
    defsig_stak_inner.o(.text) refers to defsig_general.o(.text) for __default_signal_display
    defsig_pvfn_inner.o(.text) refers to defsig_general.o(.text) for __default_signal_display
    defsig_cppl_inner.o(.text) refers to defsig_general.o(.text) for __default_signal_display
    defsig_segv_inner.o(.text) refers to defsig_general.o(.text) for __default_signal_display
    defsig_other.o(.text) refers to defsig_general.o(.text) for __default_signal_display


==============================================================================

Removing Unused input sections from the image.

    Removing main.o(.rev16_text), (4 bytes).
    Removing main.o(.revsh_text), (4 bytes).
    Removing main.o(.rrx_text), (6 bytes).
    Removing qe_driver.o(.rev16_text), (4 bytes).
    Removing qe_driver.o(.revsh_text), (4 bytes).
    Removing qe_driver.o(.rrx_text), (6 bytes).
    Removing qe_driver.o(i.QD_Reset), (28 bytes).
    Removing leds.o(.rev16_text), (4 bytes).
    Removing leds.o(.revsh_text), (4 bytes).
    Removing leds.o(.rrx_text), (6 bytes).
    Removing pit.o(.rev16_text), (4 bytes).
    Removing pit.o(.revsh_text), (4 bytes).
    Removing pit.o(.rrx_text), (6 bytes).
    Removing motor_driver.o(.rev16_text), (4 bytes).
    Removing motor_driver.o(.revsh_text), (4 bytes).
    Removing motor_driver.o(.rrx_text), (6 bytes).
    Removing uart.o(.rev16_text), (4 bytes).
    Removing uart.o(.revsh_text), (4 bytes).
    Removing uart.o(.rrx_text), (6 bytes).
    Removing uart.o(i.UART_PutString), (22 bytes).
    Removing uart.o(i.UART_Send), (24 bytes).
    Removing system_mk66f18.o(.rev16_text), (4 bytes).
    Removing system_mk66f18.o(.revsh_text), (4 bytes).
    Removing system_mk66f18.o(.rrx_text), (6 bytes).
    Removing system_mk66f18.o(i.SystemCoreClockUpdate), (556 bytes).
    Removing arm_pid_init_f32.o(.rev16_text), (4 bytes).
    Removing arm_pid_init_f32.o(.revsh_text), (4 bytes).
    Removing arm_pid_init_f32.o(.rrx_text), (6 bytes).

28 unused section(s) (total 742 bytes) removed from the image.

==============================================================================

Image Symbol Table

    Local Symbols

    Symbol Name                              Value     Ov Type        Size  Object(Section)

    RESET                                    0x00000000   Section     1024  startup_mk66f18.o(RESET)
    ../clib/angel/boardlib.s                 0x00000000   Number         0  boardinit3.o ABSOLUTE
    ../clib/angel/boardlib.s                 0x00000000   Number         0  boardinit1.o ABSOLUTE
    ../clib/angel/boardlib.s                 0x00000000   Number         0  boardinit2.o ABSOLUTE
    ../clib/angel/boardlib.s                 0x00000000   Number         0  boardshut.o ABSOLUTE
    ../clib/angel/handlers.s                 0x00000000   Number         0  __scatter_zi.o ABSOLUTE
    ../clib/angel/handlers.s                 0x00000000   Number         0  __scatter_copy.o ABSOLUTE
    ../clib/angel/kernel.s                   0x00000000   Number         0  __rtentry4.o ABSOLUTE
    ../clib/angel/kernel.s                   0x00000000   Number         0  rtexit.o ABSOLUTE
    ../clib/angel/kernel.s                   0x00000000   Number         0  __rtentry2.o ABSOLUTE
    ../clib/angel/kernel.s                   0x00000000   Number         0  __rtentry.o ABSOLUTE
    ../clib/angel/kernel.s                   0x00000000   Number         0  rtexit2.o ABSOLUTE
    ../clib/angel/rt.s                       0x00000000   Number         0  rt_locale.o ABSOLUTE
    ../clib/angel/rt.s                       0x00000000   Number         0  rt_locale_intlibspace.o ABSOLUTE
    ../clib/angel/rt.s                       0x00000000   Number         0  rt_ctype_table.o ABSOLUTE
    ../clib/angel/rt.s                       0x00000000   Number         0  rt_errno_addr_intlibspace.o ABSOLUTE
    ../clib/angel/rt.s                       0x00000000   Number         0  rt_raise.o ABSOLUTE
    ../clib/angel/rt.s                       0x00000000   Number         0  rt_errno_addr.o ABSOLUTE
    ../clib/angel/scatter.s                  0x00000000   Number         0  __scatter.o ABSOLUTE
    ../clib/angel/startup.s                  0x00000000   Number         0  __main.o ABSOLUTE
    ../clib/angel/sys.s                      0x00000000   Number         0  sys_stackheap_outer.o ABSOLUTE
    ../clib/angel/sys.s                      0x00000000   Number         0  use_no_semi.o ABSOLUTE
    ../clib/angel/sys.s                      0x00000000   Number         0  indicate_semi.o ABSOLUTE
    ../clib/angel/sys.s                      0x00000000   Number         0  libspace.o ABSOLUTE
    ../clib/angel/sysapp.c                   0x00000000   Number         0  sys_exit.o ABSOLUTE
    ../clib/angel/sysapp.c                   0x00000000   Number         0  sys_command.o ABSOLUTE
    ../clib/angel/sysapp.c                   0x00000000   Number         0  sys_wrch.o ABSOLUTE
    ../clib/armsys.c                         0x00000000   Number         0  argv_veneer.o ABSOLUTE
    ../clib/armsys.c                         0x00000000   Number         0  argv_veneer.o ABSOLUTE
    ../clib/armsys.c                         0x00000000   Number         0  _get_argv_nomalloc.o ABSOLUTE
    ../clib/armsys.c                         0x00000000   Number         0  no_argv.o ABSOLUTE
    ../clib/fenv.c                           0x00000000   Number         0  _fptrap.o ABSOLUTE
    ../clib/heapalloc.c                      0x00000000   Number         0  hrguard.o ABSOLUTE
    ../clib/heapaux.c                        0x00000000   Number         0  heapauxi.o ABSOLUTE
    ../clib/libinit.s                        0x00000000   Number         0  libinit.o ABSOLUTE
    ../clib/libinit.s                        0x00000000   Number         0  libshutdown.o ABSOLUTE
    ../clib/libinit.s                        0x00000000   Number         0  libshutdown2.o ABSOLUTE
    ../clib/libinit.s                        0x00000000   Number         0  libinit2.o ABSOLUTE
    ../clib/locale.s                         0x00000000   Number         0  lc_ctype_c.o ABSOLUTE
    ../clib/memcpset.s                       0x00000000   Number         0  strcmpv7m.o ABSOLUTE
    ../clib/scanf.c                          0x00000000   Number         0  _strtoul.o ABSOLUTE
    ../clib/scanf.c                          0x00000000   Number         0  strtol.o ABSOLUTE
    ../clib/scanf.c                          0x00000000   Number         0  _chval.o ABSOLUTE
    ../clib/signal.c                         0x00000000   Number         0  defsig_rtmem_inner.o ABSOLUTE
    ../clib/signal.c                         0x00000000   Number         0  __raise.o ABSOLUTE
    ../clib/signal.c                         0x00000000   Number         0  defsig_stak_inner.o ABSOLUTE
    ../clib/signal.c                         0x00000000   Number         0  defsig_fpe_formal.o ABSOLUTE
    ../clib/signal.c                         0x00000000   Number         0  defsig_other.o ABSOLUTE
    ../clib/signal.c                         0x00000000   Number         0  defsig_pvfn_inner.o ABSOLUTE
    ../clib/signal.c                         0x00000000   Number         0  defsig_abrt_inner.o ABSOLUTE
    ../clib/signal.c                         0x00000000   Number         0  defsig_cppl_inner.o ABSOLUTE
    ../clib/signal.c                         0x00000000   Number         0  defsig_segv_inner.o ABSOLUTE
    ../clib/signal.c                         0x00000000   Number         0  defsig_rtmem_formal.o ABSOLUTE
    ../clib/signal.c                         0x00000000   Number         0  defsig_fpe_inner.o ABSOLUTE
    ../clib/signal.c                         0x00000000   Number         0  defsig_rtmem_outer.o ABSOLUTE
    ../clib/signal.c                         0x00000000   Number         0  defsig_exit.o ABSOLUTE
    ../clib/signal.c                         0x00000000   Number         0  defsig_general.o ABSOLUTE
    ../clib/signal.c                         0x00000000   Number         0  defsig_fpe_outer.o ABSOLUTE
    ../clib/signal.c                         0x00000000   Number         0  defsig_rtred_inner.o ABSOLUTE
    ../clib/signal.s                         0x00000000   Number         0  defsig.o ABSOLUTE
    ../clib/stdlib.c                         0x00000000   Number         0  exit.o ABSOLUTE
    ../clib/string.c                         0x00000000   Number         0  strspn.o ABSOLUTE
    ../clib/string.c                         0x00000000   Number         0  strtok_int.o ABSOLUTE
    ../clib/string.c                         0x00000000   Number         0  strcspn.o ABSOLUTE
    ../clib/string.c                         0x00000000   Number         0  strtok.o ABSOLUTE
    ../fplib/except.s                        0x00000000   Number         0  except.o ABSOLUTE
    ../fplib/ffltll.s                        0x00000000   Number         0  ffltll_clz.o ABSOLUTE
    ../fplib/fpinit.s                        0x00000000   Number         0  fpinit.o ABSOLUTE
    ../fplib/retnan.s                        0x00000000   Number         0  retnan.o ABSOLUTE
    ../fplib/trapv.s                         0x00000000   Number         0  trapv.o ABSOLUTE
    ../fplib/usenofp.s                       0x00000000   Number         0  usenofp.o ABSOLUTE
    ..\..\Source\ControllerFunctions\arm_pid_init_f32.c 0x00000000   Number         0  arm_pid_init_f32.o ABSOLUTE
    ..\\..\\Source\\ControllerFunctions\\arm_pid_init_f32.c 0x00000000   Number         0  arm_pid_init_f32.o ABSOLUTE
    LEDs.c                                   0x00000000   Number         0  leds.o ABSOLUTE
    LEDs.c                                   0x00000000   Number         0  leds.o ABSOLUTE
    Motor_Driver.c                           0x00000000   Number         0  motor_driver.o ABSOLUTE
    Motor_Driver.c                           0x00000000   Number         0  motor_driver.o ABSOLUTE
    PIT.c                                    0x00000000   Number         0  pit.o ABSOLUTE
    PIT.c                                    0x00000000   Number         0  pit.o ABSOLUTE
    QE_Driver.c                              0x00000000   Number         0  qe_driver.o ABSOLUTE
    QE_Driver.c                              0x00000000   Number         0  qe_driver.o ABSOLUTE
    RTE\Device\MK66FN2M0xxx18\startup_MK66F18.s 0x00000000   Number         0  startup_mk66f18.o ABSOLUTE
    RTE\Device\MK66FN2M0xxx18\system_MK66F18.c 0x00000000   Number         0  system_mk66f18.o ABSOLUTE
    RTE\\Device\\MK66FN2M0xxx18\\system_MK66F18.c 0x00000000   Number         0  system_mk66f18.o ABSOLUTE
    UART.c                                   0x00000000   Number         0  uart.o ABSOLUTE
    UART.c                                   0x00000000   Number         0  uart.o ABSOLUTE
    dc.s                                     0x00000000   Number         0  dc.o ABSOLUTE
    main.c                                   0x00000000   Number         0  main.o ABSOLUTE
    main.c                                   0x00000000   Number         0  main.o ABSOLUTE
    .ARM.__at_0x400                          0x00000400   Section       16  startup_mk66f18.o(.ARM.__at_0x400)
    !!!main                                  0x00000410   Section        8  __main.o(!!!main)
    !!!scatter                               0x00000418   Section       52  __scatter.o(!!!scatter)
    !!handler_copy                           0x0000044c   Section       26  __scatter_copy.o(!!handler_copy)
    !!handler_zi                             0x00000468   Section       28  __scatter_zi.o(!!handler_zi)
    .ARM.Collect$$libinit$$00000000          0x00000484   Section        2  libinit.o(.ARM.Collect$$libinit$$00000000)
    .ARM.Collect$$libinit$$00000001          0x00000486   Section        4  libinit2.o(.ARM.Collect$$libinit$$00000001)
    .ARM.Collect$$libinit$$00000004          0x0000048a   Section        0  libinit2.o(.ARM.Collect$$libinit$$00000004)
    .ARM.Collect$$libinit$$0000000A          0x0000048a   Section        0  libinit2.o(.ARM.Collect$$libinit$$0000000A)
    .ARM.Collect$$libinit$$0000000C          0x0000048a   Section        0  libinit2.o(.ARM.Collect$$libinit$$0000000C)
    .ARM.Collect$$libinit$$0000000E          0x0000048a   Section        0  libinit2.o(.ARM.Collect$$libinit$$0000000E)
    .ARM.Collect$$libinit$$0000000F          0x0000048a   Section        6  libinit2.o(.ARM.Collect$$libinit$$0000000F)
    .ARM.Collect$$libinit$$00000011          0x00000490   Section        0  libinit2.o(.ARM.Collect$$libinit$$00000011)
    .ARM.Collect$$libinit$$00000012          0x00000490   Section       12  libinit2.o(.ARM.Collect$$libinit$$00000012)
    .ARM.Collect$$libinit$$00000013          0x0000049c   Section        0  libinit2.o(.ARM.Collect$$libinit$$00000013)
    .ARM.Collect$$libinit$$00000015          0x0000049c   Section        0  libinit2.o(.ARM.Collect$$libinit$$00000015)
    .ARM.Collect$$libinit$$00000017          0x0000049c   Section        0  libinit2.o(.ARM.Collect$$libinit$$00000017)
    .ARM.Collect$$libinit$$00000019          0x0000049c   Section        0  libinit2.o(.ARM.Collect$$libinit$$00000019)
    .ARM.Collect$$libinit$$0000001B          0x0000049c   Section        0  libinit2.o(.ARM.Collect$$libinit$$0000001B)
    .ARM.Collect$$libinit$$0000001D          0x0000049c   Section        0  libinit2.o(.ARM.Collect$$libinit$$0000001D)
    .ARM.Collect$$libinit$$0000001F          0x0000049c   Section        0  libinit2.o(.ARM.Collect$$libinit$$0000001F)
    .ARM.Collect$$libinit$$00000021          0x0000049c   Section        0  libinit2.o(.ARM.Collect$$libinit$$00000021)
    .ARM.Collect$$libinit$$00000023          0x0000049c   Section        0  libinit2.o(.ARM.Collect$$libinit$$00000023)
    .ARM.Collect$$libinit$$00000025          0x0000049c   Section        0  libinit2.o(.ARM.Collect$$libinit$$00000025)
    .ARM.Collect$$libinit$$0000002C          0x0000049c   Section        0  libinit2.o(.ARM.Collect$$libinit$$0000002C)
    .ARM.Collect$$libinit$$0000002E          0x0000049c   Section        0  libinit2.o(.ARM.Collect$$libinit$$0000002E)
    .ARM.Collect$$libinit$$00000030          0x0000049c   Section        0  libinit2.o(.ARM.Collect$$libinit$$00000030)
    .ARM.Collect$$libinit$$00000032          0x0000049c   Section        0  libinit2.o(.ARM.Collect$$libinit$$00000032)
    .ARM.Collect$$libinit$$00000033          0x0000049c   Section        2  libinit2.o(.ARM.Collect$$libinit$$00000033)
    .ARM.Collect$$libshutdown$$00000000      0x0000049e   Section        2  libshutdown.o(.ARM.Collect$$libshutdown$$00000000)
    .ARM.Collect$$libshutdown$$00000002      0x000004a0   Section        0  libshutdown2.o(.ARM.Collect$$libshutdown$$00000002)
    .ARM.Collect$$libshutdown$$00000004      0x000004a0   Section        0  libshutdown2.o(.ARM.Collect$$libshutdown$$00000004)
    .ARM.Collect$$libshutdown$$00000007      0x000004a0   Section        0  libshutdown2.o(.ARM.Collect$$libshutdown$$00000007)
    .ARM.Collect$$libshutdown$$0000000A      0x000004a0   Section        0  libshutdown2.o(.ARM.Collect$$libshutdown$$0000000A)
    .ARM.Collect$$libshutdown$$0000000C      0x000004a0   Section        0  libshutdown2.o(.ARM.Collect$$libshutdown$$0000000C)
    .ARM.Collect$$libshutdown$$0000000F      0x000004a0   Section        0  libshutdown2.o(.ARM.Collect$$libshutdown$$0000000F)
    .ARM.Collect$$libshutdown$$00000010      0x000004a0   Section        2  libshutdown2.o(.ARM.Collect$$libshutdown$$00000010)
    .ARM.Collect$$rtentry$$00000000          0x000004a2   Section        0  __rtentry.o(.ARM.Collect$$rtentry$$00000000)
    .ARM.Collect$$rtentry$$00000002          0x000004a2   Section        0  __rtentry2.o(.ARM.Collect$$rtentry$$00000002)
    .ARM.Collect$$rtentry$$00000004          0x000004a2   Section        6  __rtentry4.o(.ARM.Collect$$rtentry$$00000004)
    .ARM.Collect$$rtentry$$00000009          0x000004a8   Section        0  __rtentry2.o(.ARM.Collect$$rtentry$$00000009)
    .ARM.Collect$$rtentry$$0000000A          0x000004a8   Section        4  __rtentry2.o(.ARM.Collect$$rtentry$$0000000A)
    .ARM.Collect$$rtentry$$0000000C          0x000004ac   Section        0  __rtentry2.o(.ARM.Collect$$rtentry$$0000000C)
    .ARM.Collect$$rtentry$$0000000D          0x000004ac   Section        8  __rtentry2.o(.ARM.Collect$$rtentry$$0000000D)
    .ARM.Collect$$rtexit$$00000000           0x000004b4   Section        2  rtexit.o(.ARM.Collect$$rtexit$$00000000)
    .ARM.Collect$$rtexit$$00000002           0x000004b6   Section        0  rtexit2.o(.ARM.Collect$$rtexit$$00000002)
    .ARM.Collect$$rtexit$$00000003           0x000004b6   Section        4  rtexit2.o(.ARM.Collect$$rtexit$$00000003)
    .ARM.Collect$$rtexit$$00000004           0x000004ba   Section        6  rtexit2.o(.ARM.Collect$$rtexit$$00000004)
    .text                                    0x000004c0   Section       68  startup_mk66f18.o(.text)
    $v0                                      0x000004c0   Number         0  startup_mk66f18.o(.text)
    .text                                    0x00000504   Section        0  arm_pid_init_f32.o(.text)
    .text                                    0x0000053c   Section        0  strtol.o(.text)
    .text                                    0x000005ac   Section        0  strtok.o(.text)
    .text                                    0x000005b8   Section      128  strcmpv7m.o(.text)
    .text                                    0x00000638   Section        0  heapauxi.o(.text)
    .text                                    0x00000640   Section       16  rt_ctype_table.o(.text)
    .text                                    0x00000650   Section        8  rt_errno_addr_intlibspace.o(.text)
    .text                                    0x00000658   Section        0  _strtoul.o(.text)
    .text                                    0x000006f8   Section        0  strtok_int.o(.text)
    .text                                    0x0000073c   Section        8  libspace.o(.text)
    .text                                    0x00000744   Section        8  rt_locale_intlibspace.o(.text)
    .text                                    0x0000074c   Section        0  _chval.o(.text)
    .text                                    0x00000768   Section        0  strcspn.o(.text)
    .text                                    0x00000788   Section        0  strspn.o(.text)
    .text                                    0x000007a4   Section       74  sys_stackheap_outer.o(.text)
    .text                                    0x000007f0   Section        0  _fptrap.o(.text)
    .text                                    0x00000820   Section        0  exit.o(.text)
    .text                                    0x00000832   Section        0  defsig_fpe_outer.o(.text)
    .text                                    0x00000840   Section        0  defsig_exit.o(.text)
    .text                                    0x0000084c   Section        0  defsig_fpe_inner.o(.text)
    .text                                    0x000008f8   Section        0  sys_exit.o(.text)
    .text                                    0x00000904   Section        0  defsig_general.o(.text)
    .text                                    0x00000936   Section        0  sys_wrch.o(.text)
    .text                                    0x00000944   Section        2  use_no_semi.o(.text)
    .text                                    0x00000946   Section        0  indicate_semi.o(.text)
    i.LED_Off                                0x00000948   Section        0  leds.o(i.LED_Off)
    i.LED_On                                 0x0000096c   Section        0  leds.o(i.LED_On)
    i.LED_Toggle                             0x00000990   Section        0  leds.o(i.LED_Toggle)
    i.LEDs_Init                              0x000009b4   Section        0  leds.o(i.LEDs_Init)
    i.Motor_Init                             0x00000a48   Section        0  motor_driver.o(i.Motor_Init)
    i.Motor_Set                              0x00000b4c   Section        0  motor_driver.o(i.Motor_Set)
    i.PIT0_IRQHandler                        0x00000c10   Section        0  main.o(i.PIT0_IRQHandler)
    i.PIT_Init                               0x00000db0   Section        0  pit.o(i.PIT_Init)
    i.Power_Verification                     0x00000e10   Section        0  motor_driver.o(i.Power_Verification)
    i.QD_Init                                0x00000e98   Section        0  qe_driver.o(i.QD_Init)
    i.QD_Process                             0x00000f68   Section        0  qe_driver.o(i.QD_Process)
    i.SysTick_Handler                        0x00001058   Section        0  main.o(i.SysTick_Handler)
    i.SystemInit                             0x00001064   Section        0  system_mk66f18.o(i.SystemInit)
    i.UART0_RX_TX_IRQHandler                 0x00001230   Section        0  main.o(i.UART0_RX_TX_IRQHandler)
    i.UART_Init                              0x00001294   Section        0  uart.o(i.UART_Init)
    i.main                                   0x00001304   Section        0  main.o(i.main)
    locale$$code                             0x00001508   Section       44  lc_ctype_c.o(locale$$code)
    x$fpl$exception                          0x00001534   Section      492  except.o(x$fpl$exception)
    $v0                                      0x00001534   Number         0  except.o(x$fpl$exception)
    x$fpl$ffltll                             0x00001720   Section      158  ffltll_clz.o(x$fpl$ffltll)
    $v0                                      0x00001720   Number         0  ffltll_clz.o(x$fpl$ffltll)
    x$fpl$fpinit                             0x000017be   Section       10  fpinit.o(x$fpl$fpinit)
    $v0                                      0x000017be   Number         0  fpinit.o(x$fpl$fpinit)
    x$fpl$retnan                             0x000017c8   Section      178  retnan.o(x$fpl$retnan)
    $v0                                      0x000017c8   Number         0  retnan.o(x$fpl$retnan)
    x$fpl$trapveneer                         0x0000187a   Section      126  trapv.o(x$fpl$trapveneer)
    $v0                                      0x0000187a   Number         0  trapv.o(x$fpl$trapveneer)
    .constdata                               0x000018f8   Section       12  leds.o(.constdata)
    x$fpl$usenofp                            0x000018f8   Section        0  usenofp.o(x$fpl$usenofp)
    .constdata                               0x00001904   Section       20  motor_driver.o(.constdata)
    .conststring                             0x00001918   Section        2  main.o(.conststring)
    locale$$data                             0x0000193c   Section      272  lc_ctype_c.o(locale$$data)
    __lcctype_c_name                         0x00001940   Data           2  lc_ctype_c.o(locale$$data)
    __lcctype_c_start                        0x00001948   Data           0  lc_ctype_c.o(locale$$data)
    __lcctype_c_end                          0x00001a4c   Data           0  lc_ctype_c.o(locale$$data)
    .data                                    0x20000000   Section       61  main.o(.data)
    .data                                    0x20000040   Section       12  qe_driver.o(.data)
    .data                                    0x2000004c   Section       12  leds.o(.data)
    .data                                    0x20000058   Section       32  motor_driver.o(.data)
    .data                                    0x20000078   Section        4  system_mk66f18.o(.data)
    .data                                    0x2000007c   Section        4  strtok.o(.data)
    _strtok_saves1                           0x2000007c   Data           4  strtok.o(.data)
    .bss                                     0x20000080   Section      208  main.o(.bss)
    .bss                                     0x20000150   Section       96  libspace.o(.bss)
    HEAP                                     0x200001b0   Section     1024  startup_mk66f18.o(HEAP)
    Heap_Mem                                 0x200001b0   Data        1024  startup_mk66f18.o(HEAP)
    STACK                                    0x200005b0   Section     1024  startup_mk66f18.o(STACK)
    Stack_Mem                                0x200005b0   Data        1024  startup_mk66f18.o(STACK)
    __initial_sp                             0x200009b0   Data           0  startup_mk66f18.o(STACK)

    Global Symbols

    Symbol Name                              Value     Ov Type        Size  Object(Section)

    BuildAttributes$$THM_ISAv4$E$P$D$K$B$S$7EM$VFPi3$EXTD16$VFPS$VFMA$PE$A:L22UL41UL21$X:L11$S22US41US21$IEEE1$IW$USESV6$~STKCKD$USESV7$~SHL$OTIME$ROPI$IEEEX$EBA8$UX$STANDARDLIB$REQ8$PRES8$EABIv2 0x00000000   Number         0  anon$$obj.o ABSOLUTE
    __ARM_use_no_argv                        0x00000000   Number         0  main.o ABSOLUTE
    __Vectors                                0x00000000   Data           4  startup_mk66f18.o(RESET)
    __ARM_exceptions_init                     - Undefined Weak Reference
    __alloca_initialize                       - Undefined Weak Reference
    __arm_preinit_                            - Undefined Weak Reference
    __cpp_initialize__aeabi_                  - Undefined Weak Reference
    __cxa_finalize                            - Undefined Weak Reference
    __sigvec_lookup                           - Undefined Weak Reference
    _atexit_init                              - Undefined Weak Reference
    _call_atexit_fns                          - Undefined Weak Reference
    _clock_init                               - Undefined Weak Reference
    _fp_trap_big                              - Undefined Weak Reference
    _fp_trap_init                             - Undefined Weak Reference
    _fp_trap_shutdown                         - Undefined Weak Reference
    _get_lc_collate                           - Undefined Weak Reference
    _get_lc_monetary                          - Undefined Weak Reference
    _get_lc_numeric                           - Undefined Weak Reference
    _get_lc_time                              - Undefined Weak Reference
    _getenv_init                              - Undefined Weak Reference
    _handle_redirection                       - Undefined Weak Reference
    _init_alloc                               - Undefined Weak Reference
    _init_user_alloc                          - Undefined Weak Reference
    _initio                                   - Undefined Weak Reference
    _rand_init                                - Undefined Weak Reference
    _signal_finish                            - Undefined Weak Reference
    _signal_init                              - Undefined Weak Reference
    _terminate_alloc                          - Undefined Weak Reference
    _terminate_user_alloc                     - Undefined Weak Reference
    _terminateio                              - Undefined Weak Reference
    __Vectors_End                            0x00000400   Data           0  startup_mk66f18.o(RESET)
    __Vectors_Size                           0x00000400   Number         0  startup_mk66f18.o ABSOLUTE
    __main                                   0x00000411   Thumb Code     8  __main.o(!!!main)
    __scatterload                            0x00000419   Thumb Code     0  __scatter.o(!!!scatter)
    __scatterload_rt2                        0x00000419   Thumb Code    44  __scatter.o(!!!scatter)
    __scatterload_rt2_thumb_only             0x00000419   Thumb Code     0  __scatter.o(!!!scatter)
    __scatterload_null                       0x00000427   Thumb Code     0  __scatter.o(!!!scatter)
    __scatterload_copy                       0x0000044d   Thumb Code    26  __scatter_copy.o(!!handler_copy)
    __scatterload_zeroinit                   0x00000469   Thumb Code    28  __scatter_zi.o(!!handler_zi)
    __rt_lib_init                            0x00000485   Thumb Code     0  libinit.o(.ARM.Collect$$libinit$$00000000)
    __rt_lib_init_fp_1                       0x00000487   Thumb Code     0  libinit2.o(.ARM.Collect$$libinit$$00000001)
    __rt_lib_init_heap_1                     0x0000048b   Thumb Code     0  libinit2.o(.ARM.Collect$$libinit$$0000000A)
    __rt_lib_init_lc_common                  0x0000048b   Thumb Code     0  libinit2.o(.ARM.Collect$$libinit$$0000000F)
    __rt_lib_init_preinit_1                  0x0000048b   Thumb Code     0  libinit2.o(.ARM.Collect$$libinit$$00000004)
    __rt_lib_init_rand_1                     0x0000048b   Thumb Code     0  libinit2.o(.ARM.Collect$$libinit$$0000000E)
    __rt_lib_init_user_alloc_1               0x0000048b   Thumb Code     0  libinit2.o(.ARM.Collect$$libinit$$0000000C)
    __rt_lib_init_lc_collate_1               0x00000491   Thumb Code     0  libinit2.o(.ARM.Collect$$libinit$$00000011)
    __rt_lib_init_lc_ctype_2                 0x00000491   Thumb Code     0  libinit2.o(.ARM.Collect$$libinit$$00000012)
    __rt_lib_init_alloca_1                   0x0000049d   Thumb Code     0  libinit2.o(.ARM.Collect$$libinit$$0000002E)
    __rt_lib_init_argv_1                     0x0000049d   Thumb Code     0  libinit2.o(.ARM.Collect$$libinit$$0000002C)
    __rt_lib_init_atexit_1                   0x0000049d   Thumb Code     0  libinit2.o(.ARM.Collect$$libinit$$0000001B)
    __rt_lib_init_clock_1                    0x0000049d   Thumb Code     0  libinit2.o(.ARM.Collect$$libinit$$00000021)
    __rt_lib_init_cpp_1                      0x0000049d   Thumb Code     0  libinit2.o(.ARM.Collect$$libinit$$00000032)
    __rt_lib_init_exceptions_1               0x0000049d   Thumb Code     0  libinit2.o(.ARM.Collect$$libinit$$00000030)
    __rt_lib_init_fp_trap_1                  0x0000049d   Thumb Code     0  libinit2.o(.ARM.Collect$$libinit$$0000001F)
    __rt_lib_init_getenv_1                   0x0000049d   Thumb Code     0  libinit2.o(.ARM.Collect$$libinit$$00000023)
    __rt_lib_init_lc_ctype_1                 0x0000049d   Thumb Code     0  libinit2.o(.ARM.Collect$$libinit$$00000013)
    __rt_lib_init_lc_monetary_1              0x0000049d   Thumb Code     0  libinit2.o(.ARM.Collect$$libinit$$00000015)
    __rt_lib_init_lc_numeric_1               0x0000049d   Thumb Code     0  libinit2.o(.ARM.Collect$$libinit$$00000017)
    __rt_lib_init_lc_time_1                  0x0000049d   Thumb Code     0  libinit2.o(.ARM.Collect$$libinit$$00000019)
    __rt_lib_init_return                     0x0000049d   Thumb Code     0  libinit2.o(.ARM.Collect$$libinit$$00000033)
    __rt_lib_init_signal_1                   0x0000049d   Thumb Code     0  libinit2.o(.ARM.Collect$$libinit$$0000001D)
    __rt_lib_init_stdio_1                    0x0000049d   Thumb Code     0  libinit2.o(.ARM.Collect$$libinit$$00000025)
    __rt_lib_shutdown                        0x0000049f   Thumb Code     0  libshutdown.o(.ARM.Collect$$libshutdown$$00000000)
    __rt_lib_shutdown_cpp_1                  0x000004a1   Thumb Code     0  libshutdown2.o(.ARM.Collect$$libshutdown$$00000002)
    __rt_lib_shutdown_fp_trap_1              0x000004a1   Thumb Code     0  libshutdown2.o(.ARM.Collect$$libshutdown$$00000007)
    __rt_lib_shutdown_heap_1                 0x000004a1   Thumb Code     0  libshutdown2.o(.ARM.Collect$$libshutdown$$0000000F)
    __rt_lib_shutdown_return                 0x000004a1   Thumb Code     0  libshutdown2.o(.ARM.Collect$$libshutdown$$00000010)
    __rt_lib_shutdown_signal_1               0x000004a1   Thumb Code     0  libshutdown2.o(.ARM.Collect$$libshutdown$$0000000A)
    __rt_lib_shutdown_stdio_1                0x000004a1   Thumb Code     0  libshutdown2.o(.ARM.Collect$$libshutdown$$00000004)
    __rt_lib_shutdown_user_alloc_1           0x000004a1   Thumb Code     0  libshutdown2.o(.ARM.Collect$$libshutdown$$0000000C)
    __rt_entry                               0x000004a3   Thumb Code     0  __rtentry.o(.ARM.Collect$$rtentry$$00000000)
    __rt_entry_presh_1                       0x000004a3   Thumb Code     0  __rtentry2.o(.ARM.Collect$$rtentry$$00000002)
    __rt_entry_sh                            0x000004a3   Thumb Code     0  __rtentry4.o(.ARM.Collect$$rtentry$$00000004)
    __rt_entry_li                            0x000004a9   Thumb Code     0  __rtentry2.o(.ARM.Collect$$rtentry$$0000000A)
    __rt_entry_postsh_1                      0x000004a9   Thumb Code     0  __rtentry2.o(.ARM.Collect$$rtentry$$00000009)
    __rt_entry_main                          0x000004ad   Thumb Code     0  __rtentry2.o(.ARM.Collect$$rtentry$$0000000D)
    __rt_entry_postli_1                      0x000004ad   Thumb Code     0  __rtentry2.o(.ARM.Collect$$rtentry$$0000000C)
    __rt_exit                                0x000004b5   Thumb Code     0  rtexit.o(.ARM.Collect$$rtexit$$00000000)
    __rt_exit_ls                             0x000004b7   Thumb Code     0  rtexit2.o(.ARM.Collect$$rtexit$$00000003)
    __rt_exit_prels_1                        0x000004b7   Thumb Code     0  rtexit2.o(.ARM.Collect$$rtexit$$00000002)
    __rt_exit_exit                           0x000004bb   Thumb Code     0  rtexit2.o(.ARM.Collect$$rtexit$$00000004)
    Reset_Handler                            0x000004c1   Thumb Code    12  startup_mk66f18.o(.text)
    NMI_Handler                              0x000004cd   Thumb Code     2  startup_mk66f18.o(.text)
    HardFault_Handler                        0x000004cf   Thumb Code     2  startup_mk66f18.o(.text)
    MemManage_Handler                        0x000004d1   Thumb Code     2  startup_mk66f18.o(.text)
    BusFault_Handler                         0x000004d3   Thumb Code     2  startup_mk66f18.o(.text)
    UsageFault_Handler                       0x000004d5   Thumb Code     2  startup_mk66f18.o(.text)
    SVC_Handler                              0x000004d7   Thumb Code     2  startup_mk66f18.o(.text)
    DebugMon_Handler                         0x000004d9   Thumb Code     2  startup_mk66f18.o(.text)
    PendSV_Handler                           0x000004db   Thumb Code     2  startup_mk66f18.o(.text)
    ADC0_IRQHandler                          0x000004df   Thumb Code     0  startup_mk66f18.o(.text)
    ADC1_IRQHandler                          0x000004df   Thumb Code     0  startup_mk66f18.o(.text)
    CAN0_Bus_Off_IRQHandler                  0x000004df   Thumb Code     0  startup_mk66f18.o(.text)
    CAN0_Error_IRQHandler                    0x000004df   Thumb Code     0  startup_mk66f18.o(.text)
    CAN0_ORed_Message_buffer_IRQHandler      0x000004df   Thumb Code     0  startup_mk66f18.o(.text)
    CAN0_Rx_Warning_IRQHandler               0x000004df   Thumb Code     0  startup_mk66f18.o(.text)
    CAN0_Tx_Warning_IRQHandler               0x000004df   Thumb Code     0  startup_mk66f18.o(.text)
    CAN0_Wake_Up_IRQHandler                  0x000004df   Thumb Code     0  startup_mk66f18.o(.text)
    CAN1_Bus_Off_IRQHandler                  0x000004df   Thumb Code     0  startup_mk66f18.o(.text)
    CAN1_Error_IRQHandler                    0x000004df   Thumb Code     0  startup_mk66f18.o(.text)
    CAN1_ORed_Message_buffer_IRQHandler      0x000004df   Thumb Code     0  startup_mk66f18.o(.text)
    CAN1_Rx_Warning_IRQHandler               0x000004df   Thumb Code     0  startup_mk66f18.o(.text)
    CAN1_Tx_Warning_IRQHandler               0x000004df   Thumb Code     0  startup_mk66f18.o(.text)
    CAN1_Wake_Up_IRQHandler                  0x000004df   Thumb Code     0  startup_mk66f18.o(.text)
    CMP0_IRQHandler                          0x000004df   Thumb Code     0  startup_mk66f18.o(.text)
    CMP1_IRQHandler                          0x000004df   Thumb Code     0  startup_mk66f18.o(.text)
    CMP2_IRQHandler                          0x000004df   Thumb Code     0  startup_mk66f18.o(.text)
    CMP3_IRQHandler                          0x000004df   Thumb Code     0  startup_mk66f18.o(.text)
    CMT_IRQHandler                           0x000004df   Thumb Code     0  startup_mk66f18.o(.text)
    DAC0_IRQHandler                          0x000004df   Thumb Code     0  startup_mk66f18.o(.text)
    DAC1_IRQHandler                          0x000004df   Thumb Code     0  startup_mk66f18.o(.text)
    DMA0_DMA16_IRQHandler                    0x000004df   Thumb Code     0  startup_mk66f18.o(.text)
    DMA10_DMA26_IRQHandler                   0x000004df   Thumb Code     0  startup_mk66f18.o(.text)
    DMA11_DMA27_IRQHandler                   0x000004df   Thumb Code     0  startup_mk66f18.o(.text)
    DMA12_DMA28_IRQHandler                   0x000004df   Thumb Code     0  startup_mk66f18.o(.text)
    DMA13_DMA29_IRQHandler                   0x000004df   Thumb Code     0  startup_mk66f18.o(.text)
    DMA14_DMA30_IRQHandler                   0x000004df   Thumb Code     0  startup_mk66f18.o(.text)
    DMA15_DMA31_IRQHandler                   0x000004df   Thumb Code     0  startup_mk66f18.o(.text)
    DMA1_DMA17_IRQHandler                    0x000004df   Thumb Code     0  startup_mk66f18.o(.text)
    DMA2_DMA18_IRQHandler                    0x000004df   Thumb Code     0  startup_mk66f18.o(.text)
    DMA3_DMA19_IRQHandler                    0x000004df   Thumb Code     0  startup_mk66f18.o(.text)
    DMA4_DMA20_IRQHandler                    0x000004df   Thumb Code     0  startup_mk66f18.o(.text)
    DMA5_DMA21_IRQHandler                    0x000004df   Thumb Code     0  startup_mk66f18.o(.text)
    DMA6_DMA22_IRQHandler                    0x000004df   Thumb Code     0  startup_mk66f18.o(.text)
    DMA7_DMA23_IRQHandler                    0x000004df   Thumb Code     0  startup_mk66f18.o(.text)
    DMA8_DMA24_IRQHandler                    0x000004df   Thumb Code     0  startup_mk66f18.o(.text)
    DMA9_DMA25_IRQHandler                    0x000004df   Thumb Code     0  startup_mk66f18.o(.text)
    DMA_Error_IRQHandler                     0x000004df   Thumb Code     0  startup_mk66f18.o(.text)
    DefaultISR                               0x000004df   Thumb Code     0  startup_mk66f18.o(.text)
    ENET_1588_Timer_IRQHandler               0x000004df   Thumb Code     0  startup_mk66f18.o(.text)
    ENET_Error_IRQHandler                    0x000004df   Thumb Code     0  startup_mk66f18.o(.text)
    ENET_Receive_IRQHandler                  0x000004df   Thumb Code     0  startup_mk66f18.o(.text)
    ENET_Transmit_IRQHandler                 0x000004df   Thumb Code     0  startup_mk66f18.o(.text)
    FTFE_IRQHandler                          0x000004df   Thumb Code     0  startup_mk66f18.o(.text)
    FTM0_IRQHandler                          0x000004df   Thumb Code     0  startup_mk66f18.o(.text)
    FTM1_IRQHandler                          0x000004df   Thumb Code     0  startup_mk66f18.o(.text)
    FTM2_IRQHandler                          0x000004df   Thumb Code     0  startup_mk66f18.o(.text)
    FTM3_IRQHandler                          0x000004df   Thumb Code     0  startup_mk66f18.o(.text)
    I2C0_IRQHandler                          0x000004df   Thumb Code     0  startup_mk66f18.o(.text)
    I2C1_IRQHandler                          0x000004df   Thumb Code     0  startup_mk66f18.o(.text)
    I2C2_IRQHandler                          0x000004df   Thumb Code     0  startup_mk66f18.o(.text)
    I2C3_IRQHandler                          0x000004df   Thumb Code     0  startup_mk66f18.o(.text)
    I2S0_Rx_IRQHandler                       0x000004df   Thumb Code     0  startup_mk66f18.o(.text)
    I2S0_Tx_IRQHandler                       0x000004df   Thumb Code     0  startup_mk66f18.o(.text)
    LLWU_IRQHandler                          0x000004df   Thumb Code     0  startup_mk66f18.o(.text)
    LPTMR0_IRQHandler                        0x000004df   Thumb Code     0  startup_mk66f18.o(.text)
    LPUART0_IRQHandler                       0x000004df   Thumb Code     0  startup_mk66f18.o(.text)
    LVD_LVW_IRQHandler                       0x000004df   Thumb Code     0  startup_mk66f18.o(.text)
    MCG_IRQHandler                           0x000004df   Thumb Code     0  startup_mk66f18.o(.text)
    MCM_IRQHandler                           0x000004df   Thumb Code     0  startup_mk66f18.o(.text)
    PDB0_IRQHandler                          0x000004df   Thumb Code     0  startup_mk66f18.o(.text)
    PIT1_IRQHandler                          0x000004df   Thumb Code     0  startup_mk66f18.o(.text)
    PIT2_IRQHandler                          0x000004df   Thumb Code     0  startup_mk66f18.o(.text)
    PIT3_IRQHandler                          0x000004df   Thumb Code     0  startup_mk66f18.o(.text)
    PORTA_IRQHandler                         0x000004df   Thumb Code     0  startup_mk66f18.o(.text)
    PORTB_IRQHandler                         0x000004df   Thumb Code     0  startup_mk66f18.o(.text)
    PORTC_IRQHandler                         0x000004df   Thumb Code     0  startup_mk66f18.o(.text)
    PORTD_IRQHandler                         0x000004df   Thumb Code     0  startup_mk66f18.o(.text)
    PORTE_IRQHandler                         0x000004df   Thumb Code     0  startup_mk66f18.o(.text)
    RNG_IRQHandler                           0x000004df   Thumb Code     0  startup_mk66f18.o(.text)
    RTC_IRQHandler                           0x000004df   Thumb Code     0  startup_mk66f18.o(.text)
    RTC_Seconds_IRQHandler                   0x000004df   Thumb Code     0  startup_mk66f18.o(.text)
    Read_Collision_IRQHandler                0x000004df   Thumb Code     0  startup_mk66f18.o(.text)
    Reserved46_IRQHandler                    0x000004df   Thumb Code     0  startup_mk66f18.o(.text)
    Reserved71_IRQHandler                    0x000004df   Thumb Code     0  startup_mk66f18.o(.text)
    Reserved84_IRQHandler                    0x000004df   Thumb Code     0  startup_mk66f18.o(.text)
    Reserved85_IRQHandler                    0x000004df   Thumb Code     0  startup_mk66f18.o(.text)
    SDHC_IRQHandler                          0x000004df   Thumb Code     0  startup_mk66f18.o(.text)
    SPI0_IRQHandler                          0x000004df   Thumb Code     0  startup_mk66f18.o(.text)
    SPI1_IRQHandler                          0x000004df   Thumb Code     0  startup_mk66f18.o(.text)
    SPI2_IRQHandler                          0x000004df   Thumb Code     0  startup_mk66f18.o(.text)
    SWI_IRQHandler                           0x000004df   Thumb Code     0  startup_mk66f18.o(.text)
    TPM1_IRQHandler                          0x000004df   Thumb Code     0  startup_mk66f18.o(.text)
    TPM2_IRQHandler                          0x000004df   Thumb Code     0  startup_mk66f18.o(.text)
    TSI0_IRQHandler                          0x000004df   Thumb Code     0  startup_mk66f18.o(.text)
    UART0_ERR_IRQHandler                     0x000004df   Thumb Code     0  startup_mk66f18.o(.text)
    UART1_ERR_IRQHandler                     0x000004df   Thumb Code     0  startup_mk66f18.o(.text)
    UART1_RX_TX_IRQHandler                   0x000004df   Thumb Code     0  startup_mk66f18.o(.text)
    UART2_ERR_IRQHandler                     0x000004df   Thumb Code     0  startup_mk66f18.o(.text)
    UART2_RX_TX_IRQHandler                   0x000004df   Thumb Code     0  startup_mk66f18.o(.text)
    UART3_ERR_IRQHandler                     0x000004df   Thumb Code     0  startup_mk66f18.o(.text)
    UART3_RX_TX_IRQHandler                   0x000004df   Thumb Code     0  startup_mk66f18.o(.text)
    UART4_ERR_IRQHandler                     0x000004df   Thumb Code     0  startup_mk66f18.o(.text)
    UART4_RX_TX_IRQHandler                   0x000004df   Thumb Code     0  startup_mk66f18.o(.text)
    USB0_IRQHandler                          0x000004df   Thumb Code     0  startup_mk66f18.o(.text)
    USBDCD_IRQHandler                        0x000004df   Thumb Code     0  startup_mk66f18.o(.text)
    USBHSDCD_IRQHandler                      0x000004df   Thumb Code     0  startup_mk66f18.o(.text)
    USBHS_IRQHandler                         0x000004df   Thumb Code     0  startup_mk66f18.o(.text)
    WDOG_EWM_IRQHandler                      0x000004df   Thumb Code     0  startup_mk66f18.o(.text)
    __user_initial_stackheap                 0x000004e1   Thumb Code     0  startup_mk66f18.o(.text)
    arm_pid_init_f32                         0x00000505   Thumb Code    56  arm_pid_init_f32.o(.text)
    strtol                                   0x0000053d   Thumb Code   112  strtol.o(.text)
    strtok                                   0x000005ad   Thumb Code     6  strtok.o(.text)
    strcmp                                   0x000005b9   Thumb Code   128  strcmpv7m.o(.text)
    __use_two_region_memory                  0x00000639   Thumb Code     2  heapauxi.o(.text)
    __rt_heap_escrow$2region                 0x0000063b   Thumb Code     2  heapauxi.o(.text)
    __rt_heap_expand$2region                 0x0000063d   Thumb Code     2  heapauxi.o(.text)
    __rt_ctype_table                         0x00000641   Thumb Code    16  rt_ctype_table.o(.text)
    __aeabi_errno_addr                       0x00000651   Thumb Code     8  rt_errno_addr_intlibspace.o(.text)
    __errno$intlibspace                      0x00000651   Thumb Code     0  rt_errno_addr_intlibspace.o(.text)
    __rt_errno_addr$intlibspace              0x00000651   Thumb Code     0  rt_errno_addr_intlibspace.o(.text)
    _strtoul                                 0x00000659   Thumb Code   158  _strtoul.o(.text)
    __strtok_internal                        0x000006f9   Thumb Code    64  strtok_int.o(.text)
    __user_libspace                          0x0000073d   Thumb Code     8  libspace.o(.text)
    __user_perproc_libspace                  0x0000073d   Thumb Code     0  libspace.o(.text)
    __user_perthread_libspace                0x0000073d   Thumb Code     0  libspace.o(.text)
    __rt_locale                              0x00000745   Thumb Code     8  rt_locale_intlibspace.o(.text)
    _chval                                   0x0000074d   Thumb Code    28  _chval.o(.text)
    strcspn                                  0x00000769   Thumb Code    32  strcspn.o(.text)
    strspn                                   0x00000789   Thumb Code    28  strspn.o(.text)
    __user_setup_stackheap                   0x000007a5   Thumb Code    74  sys_stackheap_outer.o(.text)
    _fp_trap                                 0x000007f1   Thumb Code    44  _fptrap.o(.text)
    exit                                     0x00000821   Thumb Code    18  exit.o(.text)
    __rt_SIGFPE                              0x00000833   Thumb Code    14  defsig_fpe_outer.o(.text)
    __sig_exit                               0x00000841   Thumb Code    10  defsig_exit.o(.text)
    __rt_SIGFPE_inner                        0x0000084d   Thumb Code    62  defsig_fpe_inner.o(.text)
    _sys_exit                                0x000008f9   Thumb Code     8  sys_exit.o(.text)
    __default_signal_display                 0x00000905   Thumb Code    50  defsig_general.o(.text)
    _ttywrch                                 0x00000937   Thumb Code    14  sys_wrch.o(.text)
    __I$use$semihosting                      0x00000945   Thumb Code     0  use_no_semi.o(.text)
    __use_no_semihosting_swi                 0x00000945   Thumb Code     2  use_no_semi.o(.text)
    __semihosting_library_function           0x00000947   Thumb Code     0  indicate_semi.o(.text)
    LED_Off                                  0x00000949   Thumb Code    26  leds.o(i.LED_Off)
    LED_On                                   0x0000096d   Thumb Code    26  leds.o(i.LED_On)
    LED_Toggle                               0x00000991   Thumb Code    26  leds.o(i.LED_Toggle)
    LEDs_Init                                0x000009b5   Thumb Code   128  leds.o(i.LEDs_Init)
    Motor_Init                               0x00000a49   Thumb Code   232  motor_driver.o(i.Motor_Init)
    Motor_Set                                0x00000b4d   Thumb Code   176  motor_driver.o(i.Motor_Set)
    PIT0_IRQHandler                          0x00000c11   Thumb Code   360  main.o(i.PIT0_IRQHandler)
    PIT_Init                                 0x00000db1   Thumb Code    78  pit.o(i.PIT_Init)
    Power_Verification                       0x00000e11   Thumb Code   122  motor_driver.o(i.Power_Verification)
    QD_Init                                  0x00000e99   Thumb Code   186  qe_driver.o(i.QD_Init)
    QD_Process                               0x00000f69   Thumb Code   224  qe_driver.o(i.QD_Process)
    SysTick_Handler                          0x00001059   Thumb Code    10  main.o(i.SysTick_Handler)
    SystemInit                               0x00001065   Thumb Code   406  system_mk66f18.o(i.SystemInit)
    UART0_RX_TX_IRQHandler                   0x00001231   Thumb Code    82  main.o(i.UART0_RX_TX_IRQHandler)
    UART_Init                                0x00001295   Thumb Code   100  uart.o(i.UART_Init)
    main                                     0x00001305   Thumb Code   424  main.o(i.main)
    _get_lc_ctype                            0x00001509   Thumb Code    44  lc_ctype_c.o(locale$$code)
    __fpl_exception                          0x00001535   Thumb Code   454  except.o(x$fpl$exception)
    __aeabi_ul2f                             0x00001721   Thumb Code     0  ffltll_clz.o(x$fpl$ffltll)
    _ll_uto_f                                0x00001721   Thumb Code     6  ffltll_clz.o(x$fpl$ffltll)
    __aeabi_l2f                              0x00001727   Thumb Code     0  ffltll_clz.o(x$fpl$ffltll)
    _ll_sto_f                                0x00001727   Thumb Code   152  ffltll_clz.o(x$fpl$ffltll)
    _fp_init                                 0x000017bf   Thumb Code    10  fpinit.o(x$fpl$fpinit)
    __fplib_config_fpu_vfp                   0x000017c7   Thumb Code     0  fpinit.o(x$fpl$fpinit)
    __fplib_config_pureend_doubles           0x000017c7   Thumb Code     0  fpinit.o(x$fpl$fpinit)
    __fpl_return_NaN                         0x000017c9   Thumb Code   178  retnan.o(x$fpl$retnan)
    _fp_trapveneer                           0x0000187b   Thumb Code    36  trapv.o(x$fpl$trapveneer)
    __fpl_cmpreturn                          0x0000189f   Thumb Code    90  trapv.o(x$fpl$trapveneer)
    __I$use$fp                               0x000018f8   Number         0  usenofp.o(x$fpl$usenofp)
    leds_mask                                0x000018f8   Data          12  leds.o(.constdata)
    channel                                  0x00001904   Data           4  motor_driver.o(.constdata)
    dir_mask                                 0x00001908   Data          16  motor_driver.o(.constdata)
    Region$$Table$$Base                      0x0000191c   Number         0  anon$$obj.o(Region$$Table)
    Region$$Table$$Limit                     0x0000193c   Number         0  anon$$obj.o(Region$$Table)
    __ctype                                  0x00001949   Data           0  lc_ctype_c.o(locale$$data)
    Left_SP                                  0x20000000   Data           4  main.o(.data)
    Right_SP                                 0x20000004   Data           4  main.o(.data)
    Left_error                               0x20000008   Data           4  main.o(.data)
    Right_error                              0x2000000c   Data           4  main.o(.data)
    L_Motor                                  0x20000010   Data           4  main.o(.data)
    R_Motor                                  0x20000014   Data           4  main.o(.data)
    num                                      0x20000018   Data           1  main.o(.data)
    i                                        0x20000019   Data           1  main.o(.data)
    num1                                     0x2000001a   Data           8  main.o(.data)
    num2                                     0x20000022   Data           8  main.o(.data)
    data_ready                               0x2000002a   Data           1  main.o(.data)
    omega_a                                  0x2000002c   Data           2  main.o(.data)
    omega_b                                  0x2000002e   Data           2  main.o(.data)
    tokens                                   0x20000030   Data          12  main.o(.data)
    n                                        0x2000003c   Data           1  main.o(.data)
    QD_addr                                  0x20000040   Data          12  qe_driver.o(.data)
    leds_addr                                0x2000004c   Data          12  leds.o(.data)
    MOTOR_addr                               0x20000058   Data          16  motor_driver.o(.data)
    dir_addr                                 0x20000068   Data          16  motor_driver.o(.data)
    SystemCoreClock                          0x20000078   Data           4  system_mk66f18.o(.data)
    QD_L                                     0x20000080   Data          24  main.o(.bss)
    QD_R                                     0x20000098   Data          24  main.o(.bss)
    Left_PID                                 0x200000b0   Data          36  main.o(.bss)
    Right_PID                                0x200000d4   Data          36  main.o(.bss)
    string                                   0x200000f8   Data          24  main.o(.bss)
    rx_string                                0x20000110   Data          64  main.o(.bss)
    __libspace_start                         0x20000150   Data          96  libspace.o(.bss)
    __temporary_stack_top$libspace           0x200001b0   Data           0  libspace.o(.bss)



==============================================================================

Memory Map of the image

  Image Entry point : 0x000004c1

  Load Region LR_1 (Base: 0x00000000, Size: 0x00001acc, Max: 0xffffffff, ABSOLUTE)

    Execution Region ER_RO (Exec base: 0x00000000, Load base: 0x00000000, Size: 0x00001a4c, Max: 0xffffffff, ABSOLUTE)

    Exec Addr    Load Addr    Size         Type   Attr      Idx    E Section Name        Object

    0x00000000   0x00000000   0x00000400   Data   RO          319    RESET               startup_mk66f18.o
    0x00000400   0x00000400   0x00000010   Code   RO          320    .ARM.__at_0x400     startup_mk66f18.o
    0x00000410   0x00000410   0x00000008   Code   RO          420  * !!!main             c_w.l(__main.o)
    0x00000418   0x00000418   0x00000034   Code   RO          617    !!!scatter          c_w.l(__scatter.o)
    0x0000044c   0x0000044c   0x0000001a   Code   RO          619    !!handler_copy      c_w.l(__scatter_copy.o)
    0x00000466   0x00000466   0x00000002   PAD
    0x00000468   0x00000468   0x0000001c   Code   RO          621    !!handler_zi        c_w.l(__scatter_zi.o)
    0x00000484   0x00000484   0x00000002   Code   RO          486    .ARM.Collect$$libinit$$00000000  c_w.l(libinit.o)
    0x00000486   0x00000486   0x00000004   Code   RO          487    .ARM.Collect$$libinit$$00000001  c_w.l(libinit2.o)
    0x0000048a   0x0000048a   0x00000000   Code   RO          490    .ARM.Collect$$libinit$$00000004  c_w.l(libinit2.o)
    0x0000048a   0x0000048a   0x00000000   Code   RO          493    .ARM.Collect$$libinit$$0000000A  c_w.l(libinit2.o)
    0x0000048a   0x0000048a   0x00000000   Code   RO          495    .ARM.Collect$$libinit$$0000000C  c_w.l(libinit2.o)
    0x0000048a   0x0000048a   0x00000000   Code   RO          497    .ARM.Collect$$libinit$$0000000E  c_w.l(libinit2.o)
    0x0000048a   0x0000048a   0x00000006   Code   RO          498    .ARM.Collect$$libinit$$0000000F  c_w.l(libinit2.o)
    0x00000490   0x00000490   0x00000000   Code   RO          500    .ARM.Collect$$libinit$$00000011  c_w.l(libinit2.o)
    0x00000490   0x00000490   0x0000000c   Code   RO          501    .ARM.Collect$$libinit$$00000012  c_w.l(libinit2.o)
    0x0000049c   0x0000049c   0x00000000   Code   RO          502    .ARM.Collect$$libinit$$00000013  c_w.l(libinit2.o)
    0x0000049c   0x0000049c   0x00000000   Code   RO          504    .ARM.Collect$$libinit$$00000015  c_w.l(libinit2.o)
    0x0000049c   0x0000049c   0x00000000   Code   RO          506    .ARM.Collect$$libinit$$00000017  c_w.l(libinit2.o)
    0x0000049c   0x0000049c   0x00000000   Code   RO          508    .ARM.Collect$$libinit$$00000019  c_w.l(libinit2.o)
    0x0000049c   0x0000049c   0x00000000   Code   RO          510    .ARM.Collect$$libinit$$0000001B  c_w.l(libinit2.o)
    0x0000049c   0x0000049c   0x00000000   Code   RO          512    .ARM.Collect$$libinit$$0000001D  c_w.l(libinit2.o)
    0x0000049c   0x0000049c   0x00000000   Code   RO          514    .ARM.Collect$$libinit$$0000001F  c_w.l(libinit2.o)
    0x0000049c   0x0000049c   0x00000000   Code   RO          516    .ARM.Collect$$libinit$$00000021  c_w.l(libinit2.o)
    0x0000049c   0x0000049c   0x00000000   Code   RO          518    .ARM.Collect$$libinit$$00000023  c_w.l(libinit2.o)
    0x0000049c   0x0000049c   0x00000000   Code   RO          520    .ARM.Collect$$libinit$$00000025  c_w.l(libinit2.o)
    0x0000049c   0x0000049c   0x00000000   Code   RO          524    .ARM.Collect$$libinit$$0000002C  c_w.l(libinit2.o)
    0x0000049c   0x0000049c   0x00000000   Code   RO          526    .ARM.Collect$$libinit$$0000002E  c_w.l(libinit2.o)
    0x0000049c   0x0000049c   0x00000000   Code   RO          528    .ARM.Collect$$libinit$$00000030  c_w.l(libinit2.o)
    0x0000049c   0x0000049c   0x00000000   Code   RO          530    .ARM.Collect$$libinit$$00000032  c_w.l(libinit2.o)
    0x0000049c   0x0000049c   0x00000002   Code   RO          531    .ARM.Collect$$libinit$$00000033  c_w.l(libinit2.o)
    0x0000049e   0x0000049e   0x00000002   Code   RO          575    .ARM.Collect$$libshutdown$$00000000  c_w.l(libshutdown.o)
    0x000004a0   0x000004a0   0x00000000   Code   RO          586    .ARM.Collect$$libshutdown$$00000002  c_w.l(libshutdown2.o)
    0x000004a0   0x000004a0   0x00000000   Code   RO          588    .ARM.Collect$$libshutdown$$00000004  c_w.l(libshutdown2.o)
    0x000004a0   0x000004a0   0x00000000   Code   RO          591    .ARM.Collect$$libshutdown$$00000007  c_w.l(libshutdown2.o)
    0x000004a0   0x000004a0   0x00000000   Code   RO          594    .ARM.Collect$$libshutdown$$0000000A  c_w.l(libshutdown2.o)
    0x000004a0   0x000004a0   0x00000000   Code   RO          596    .ARM.Collect$$libshutdown$$0000000C  c_w.l(libshutdown2.o)
    0x000004a0   0x000004a0   0x00000000   Code   RO          599    .ARM.Collect$$libshutdown$$0000000F  c_w.l(libshutdown2.o)
    0x000004a0   0x000004a0   0x00000002   Code   RO          600    .ARM.Collect$$libshutdown$$00000010  c_w.l(libshutdown2.o)
    0x000004a2   0x000004a2   0x00000000   Code   RO          424    .ARM.Collect$$rtentry$$00000000  c_w.l(__rtentry.o)
    0x000004a2   0x000004a2   0x00000000   Code   RO          443    .ARM.Collect$$rtentry$$00000002  c_w.l(__rtentry2.o)
    0x000004a2   0x000004a2   0x00000006   Code   RO          455    .ARM.Collect$$rtentry$$00000004  c_w.l(__rtentry4.o)
    0x000004a8   0x000004a8   0x00000000   Code   RO          445    .ARM.Collect$$rtentry$$00000009  c_w.l(__rtentry2.o)
    0x000004a8   0x000004a8   0x00000004   Code   RO          446    .ARM.Collect$$rtentry$$0000000A  c_w.l(__rtentry2.o)
    0x000004ac   0x000004ac   0x00000000   Code   RO          448    .ARM.Collect$$rtentry$$0000000C  c_w.l(__rtentry2.o)
    0x000004ac   0x000004ac   0x00000008   Code   RO          449    .ARM.Collect$$rtentry$$0000000D  c_w.l(__rtentry2.o)
    0x000004b4   0x000004b4   0x00000002   Code   RO          532    .ARM.Collect$$rtexit$$00000000  c_w.l(rtexit.o)
    0x000004b6   0x000004b6   0x00000000   Code   RO          543    .ARM.Collect$$rtexit$$00000002  c_w.l(rtexit2.o)
    0x000004b6   0x000004b6   0x00000004   Code   RO          544    .ARM.Collect$$rtexit$$00000003  c_w.l(rtexit2.o)
    0x000004ba   0x000004ba   0x00000006   Code   RO          545    .ARM.Collect$$rtexit$$00000004  c_w.l(rtexit2.o)
    0x000004c0   0x000004c0   0x00000044   Code   RO          321  * .text               startup_mk66f18.o
    0x00000504   0x00000504   0x00000038   Code   RO          366    .text               arm_cortexM4lf_math.lib(arm_pid_init_f32.o)
    0x0000053c   0x0000053c   0x00000070   Code   RO          411    .text               c_w.l(strtol.o)
    0x000005ac   0x000005ac   0x0000000c   Code   RO          413    .text               c_w.l(strtok.o)
    0x000005b8   0x000005b8   0x00000080   Code   RO          416    .text               c_w.l(strcmpv7m.o)
    0x00000638   0x00000638   0x00000006   Code   RO          418    .text               c_w.l(heapauxi.o)
    0x0000063e   0x0000063e   0x00000002   PAD
    0x00000640   0x00000640   0x00000010   Code   RO          425    .text               c_w.l(rt_ctype_table.o)
    0x00000650   0x00000650   0x00000008   Code   RO          430    .text               c_w.l(rt_errno_addr_intlibspace.o)
    0x00000658   0x00000658   0x0000009e   Code   RO          432    .text               c_w.l(_strtoul.o)
    0x000006f6   0x000006f6   0x00000002   PAD
    0x000006f8   0x000006f8   0x00000044   Code   RO          434    .text               c_w.l(strtok_int.o)
    0x0000073c   0x0000073c   0x00000008   Code   RO          439    .text               c_w.l(libspace.o)
    0x00000744   0x00000744   0x00000008   Code   RO          460    .text               c_w.l(rt_locale_intlibspace.o)
    0x0000074c   0x0000074c   0x0000001c   Code   RO          462    .text               c_w.l(_chval.o)
    0x00000768   0x00000768   0x00000020   Code   RO          467    .text               c_w.l(strcspn.o)
    0x00000788   0x00000788   0x0000001c   Code   RO          469    .text               c_w.l(strspn.o)
    0x000007a4   0x000007a4   0x0000004a   Code   RO          475    .text               c_w.l(sys_stackheap_outer.o)
    0x000007ee   0x000007ee   0x00000002   PAD
    0x000007f0   0x000007f0   0x00000030   Code   RO          477    .text               c_w.l(_fptrap.o)
    0x00000820   0x00000820   0x00000012   Code   RO          479    .text               c_w.l(exit.o)
    0x00000832   0x00000832   0x0000000e   Code   RO          534    .text               c_w.l(defsig_fpe_outer.o)
    0x00000840   0x00000840   0x0000000a   Code   RO          551    .text               c_w.l(defsig_exit.o)
    0x0000084a   0x0000084a   0x00000002   PAD
    0x0000084c   0x0000084c   0x000000ac   Code   RO          553    .text               c_w.l(defsig_fpe_inner.o)
    0x000008f8   0x000008f8   0x0000000c   Code   RO          561    .text               c_w.l(sys_exit.o)
    0x00000904   0x00000904   0x00000032   Code   RO          567    .text               c_w.l(defsig_general.o)
    0x00000936   0x00000936   0x0000000e   Code   RO          576    .text               c_w.l(sys_wrch.o)
    0x00000944   0x00000944   0x00000002   Code   RO          578    .text               c_w.l(use_no_semi.o)
    0x00000946   0x00000946   0x00000000   Code   RO          580    .text               c_w.l(indicate_semi.o)
    0x00000946   0x00000946   0x00000002   PAD
    0x00000948   0x00000948   0x00000024   Code   RO          170    i.LED_Off           leds.o
    0x0000096c   0x0000096c   0x00000024   Code   RO          171    i.LED_On            leds.o
    0x00000990   0x00000990   0x00000024   Code   RO          172    i.LED_Toggle        leds.o
    0x000009b4   0x000009b4   0x00000094   Code   RO          173    i.LEDs_Init         leds.o
    0x00000a48   0x00000a48   0x00000104   Code   RO          244    i.Motor_Init        motor_driver.o
    0x00000b4c   0x00000b4c   0x000000c4   Code   RO          245    i.Motor_Set         motor_driver.o
    0x00000c10   0x00000c10   0x000001a0   Code   RO            4    i.PIT0_IRQHandler   main.o
    0x00000db0   0x00000db0   0x00000060   Code   RO          216    i.PIT_Init          pit.o
    0x00000e10   0x00000e10   0x00000088   Code   RO          246    i.Power_Verification  motor_driver.o
    0x00000e98   0x00000e98   0x000000d0   Code   RO          115    i.QD_Init           qe_driver.o
    0x00000f68   0x00000f68   0x000000f0   Code   RO          116    i.QD_Process        qe_driver.o
    0x00001058   0x00001058   0x0000000a   Code   RO            5    i.SysTick_Handler   main.o
    0x00001062   0x00001062   0x00000002   PAD
    0x00001064   0x00001064   0x000001cc   Code   RO          331    i.SystemInit        system_mk66f18.o
    0x00001230   0x00001230   0x00000064   Code   RO            6    i.UART0_RX_TX_IRQHandler  main.o
    0x00001294   0x00001294   0x00000070   Code   RO          284    i.UART_Init         uart.o
    0x00001304   0x00001304   0x00000204   Code   RO            7    i.main              main.o
    0x00001508   0x00001508   0x0000002c   Code   RO          465    locale$$code        c_w.l(lc_ctype_c.o)
    0x00001534   0x00001534   0x000001ec   Code   RO          436    x$fpl$exception     g_wm.l(except.o)
    0x00001720   0x00001720   0x0000009e   Code   RO          422    x$fpl$ffltll        g_wm.l(ffltll_clz.o)
    0x000017be   0x000017be   0x0000000a   Code   RO          540    x$fpl$fpinit        g_wm.l(fpinit.o)
    0x000017c8   0x000017c8   0x000000b2   Code   RO          471    x$fpl$retnan        g_wm.l(retnan.o)
    0x0000187a   0x0000187a   0x0000007e   Code   RO          473    x$fpl$trapveneer    g_wm.l(trapv.o)
    0x000018f8   0x000018f8   0x00000000   Code   RO          438    x$fpl$usenofp       g_wm.l(usenofp.o)
    0x000018f8   0x000018f8   0x0000000c   Data   RO          174    .constdata          leds.o
    0x00001904   0x00001904   0x00000014   Data   RO          247    .constdata          motor_driver.o
    0x00001918   0x00001918   0x00000002   Data   RO            9    .conststring        main.o
    0x0000191a   0x0000191a   0x00000002   PAD
    0x0000191c   0x0000191c   0x00000020   Data   RO          615    Region$$Table       anon$$obj.o
    0x0000193c   0x0000193c   0x00000110   Data   RO          464    locale$$data        c_w.l(lc_ctype_c.o)


    Execution Region ER_RW (Exec base: 0x20000000, Load base: 0x00001a4c, Size: 0x00000080, Max: 0xffffffff, ABSOLUTE)

    Exec Addr    Load Addr    Size         Type   Attr      Idx    E Section Name        Object

    0x20000000   0x00001a4c   0x0000003d   Data   RW           10    .data               main.o
    0x2000003d   0x00001a89   0x00000003   PAD
    0x20000040   0x00001a8c   0x0000000c   Data   RW          118    .data               qe_driver.o
    0x2000004c   0x00001a98   0x0000000c   Data   RW          175    .data               leds.o
    0x20000058   0x00001aa4   0x00000020   Data   RW          248    .data               motor_driver.o
    0x20000078   0x00001ac4   0x00000004   Data   RW          332    .data               system_mk66f18.o
    0x2000007c   0x00001ac8   0x00000004   Data   RW          414    .data               c_w.l(strtok.o)


    Execution Region ER_ZI (Exec base: 0x20000080, Load base: 0x00001acc, Size: 0x00000930, Max: 0xffffffff, ABSOLUTE)

    Exec Addr    Load Addr    Size         Type   Attr      Idx    E Section Name        Object

    0x20000080        -       0x000000d0   Zero   RW            8    .bss                main.o
    0x20000150        -       0x00000060   Zero   RW          440    .bss                c_w.l(libspace.o)
    0x200001b0        -       0x00000400   Zero   RW          318    HEAP                startup_mk66f18.o
    0x200005b0        -       0x00000400   Zero   RW          317    STACK               startup_mk66f18.o


==============================================================================

Image component sizes


      Code (inc. data)   RO Data    RW Data    ZI Data      Debug   Object Name

       256         50         12         12          0       2362   leds.o
      1042        166          2         61        208     989991   main.o
       592         62         20         32          0       2433   motor_driver.o
        96         18          0          0          0      29070   pit.o
       448         38          0         12          0      15673   qe_driver.o
        84         42       1024          0       2048       1068   startup_mk66f18.o
       460         54          0          4          0        943   system_mk66f18.o
       112         12          0          0          0        640   uart.o

    ----------------------------------------------------------------------
      3092        442       1092        124       2256    1042180   Object Totals
         0          0         32          0          0          0   (incl. Generated)
         2          0          2          3          0          0   (incl. Padding)

    ----------------------------------------------------------------------

      Code (inc. data)   RO Data    RW Data    ZI Data      Debug   Library Member Name

        56          0          0          0          0      17067   arm_pid_init_f32.o
         8          0          0          0          0         68   __main.o
         0          0          0          0          0          0   __rtentry.o
        12          0          0          0          0          0   __rtentry2.o
         6          0          0          0          0          0   __rtentry4.o
        52          8          0          0          0          0   __scatter.o
        26          0          0          0          0          0   __scatter_copy.o
        28          0          0          0          0          0   __scatter_zi.o
        28          0          0          0          0         68   _chval.o
        48          4          0          0          0         84   _fptrap.o
       158          0          0          0          0         92   _strtoul.o
        10          0          0          0          0         68   defsig_exit.o
       172        110          0          0          0         76   defsig_fpe_inner.o
        14          0          0          0          0         80   defsig_fpe_outer.o
        50          0          0          0          0         88   defsig_general.o
        18          0          0          0          0         80   exit.o
         6          0          0          0          0        152   heapauxi.o
         0          0          0          0          0          0   indicate_semi.o
        44         10        272          0          0         76   lc_ctype_c.o
         2          0          0          0          0          0   libinit.o
        24          0          0          0          0          0   libinit2.o
         2          0          0          0          0          0   libshutdown.o
         2          0          0          0          0          0   libshutdown2.o
         8          4          0          0         96         68   libspace.o
        16          4          0          0          0         76   rt_ctype_table.o
         8          4          0          0          0         68   rt_errno_addr_intlibspace.o
         8          4          0          0          0         68   rt_locale_intlibspace.o
         2          0          0          0          0          0   rtexit.o
        10          0          0          0          0          0   rtexit2.o
       128          0          0          0          0         68   strcmpv7m.o
        32          0          0          0          0         80   strcspn.o
        28          0          0          0          0         80   strspn.o
        12          6          0          4          0         68   strtok.o
        68          4          0          0          0         84   strtok_int.o
       112          0          0          0          0         88   strtol.o
        12          4          0          0          0         68   sys_exit.o
        74          0          0          0          0         80   sys_stackheap_outer.o
        14          0          0          0          0         76   sys_wrch.o
         2          0          0          0          0         68   use_no_semi.o
       492         36          0          0          0        148   except.o
       158          0          0          0          0        132   ffltll_clz.o
        10          0          0          0          0        116   fpinit.o
       178          0          0          0          0        116   retnan.o
       126          0          0          0          0        148   trapv.o
         0          0          0          0          0          0   usenofp.o

    ----------------------------------------------------------------------
      2276        198        272          4         96      19699   Library Totals
        12          0          0          0          0          0   (incl. Padding)

    ----------------------------------------------------------------------

      Code (inc. data)   RO Data    RW Data    ZI Data      Debug   Library Name

        56          0          0          0          0      17067   arm_cortexM4lf_math.lib
      1244        162        272          4         96       1972   c_w.l
       964         36          0          0          0        660   g_wm.l

    ----------------------------------------------------------------------
      2276        198        272          4         96      19699   Library Totals

    ----------------------------------------------------------------------

==============================================================================


      Code (inc. data)   RO Data    RW Data    ZI Data      Debug   

      5368        640       1364        128       2352    1059387   Grand Totals
      5368        640       1364        128       2352    1059387   ELF Image Totals
      5368        640       1364        128          0          0   ROM Totals

==============================================================================

    Total RO  Size (Code + RO Data)                 6732 (   6.57kB)
    Total RW  Size (RW Data + ZI Data)              2480 (   2.42kB)
    Total ROM Size (Code + RO Data + RW Data)       6860 (   6.70kB)

==============================================================================

